#  Tile Index
MAP
 NAME "UNQC_CREF"
   SIZE 7001 3501
   DEBUG 3
   WEB
     IMAGEURL '/jduck/maps/'
     LOG '/scratch/www/map/log'
     IMAGEPATH '/scratch/www/html/jduck/maps/'
     METADATA
       "wms_title" "UNQC_CREF"
       "wms_srs" "EPSG:4326"
       "wms_extent" "-131.755250 17.934651 -58.244750 57.065349"
       "wms_onlineresource" "http://fire.rccc.ou.edu/cgi-bin/mapserv?map=/scratch/www/map/radar_wms.map&"
     END
    
   END
    EXTENT -131.755250 17.934651 -58.244750 57.065349
    #EXTENT 18 -132 57 -58

   PROJECTION 
     "init=epsg:4326"
   END 


LAYER
 STATUS ON
 NAME "time_idx"
 TYPE POLYGON
 DATA "wkb_geometry from jduckles.unqc_cref"
 METADATA
   "wms_title" "TIME INDEX"
   "wms_srs"   "EPSG:4326"
   "wms_extent" "-131.755250 17.934651 -58.244750 57.065349"
   "wms_timeextent" "2011-02-15/2011-03-31/PT5M"
   "wms_timeitem" "datetime" #column in postgis table of type timestamp
   "wms_timedefault" "2011-02-23T03:10:00Z"
 END
 CONNECTION "dbname=cybercom host=fire.rccc.ou.edu"
 CONNECTIONTYPE postgis
END

# raster layer
LAYER
 NAME "nexrad-unqc_cref"
 TYPE RASTER
 STATUS ON
 DEBUG ON
 DUMP TRUE
 PROJECTION 
   "init=epsg:4326"
 END
 #EXTENT 18 -132 57 -58 
 METADATA
   "wms_title" "NEXRAD COMPOSITE REFLECTIVITY WMS-T"
   "wms_srs"   "EPSG:4326"
   "wms_extent" "-131 17 -58.244750 57.065349"
   "wms_timeextent" "2011-02-15/2011-03-31/PT5M"
   "wms_timeitem" "datetime" #datetime is a column in postgis table of type timestamp
   "wms_timedefault" "2011-02-23T03:10:00Z"
 END
    PROCESSING "SCALE=-30,75"
    PROCESSING "SCALE_BUCKETS=22"
    CLASS
        NAME "-30"
        EXPRESSION ([pixel] < -30)
        STYLE
            COLOR 204 255 255
        END
    END
    CLASS
        NAME "-25"
        EXPRESSION ([pixel] < -25)
        STYLE
            COLOR 206 154 206
        END
    END
    CLASS
        NAME "-20"
        EXPRESSION ([pixel] < -20)
        STYLE
            COLOR 153 102 153
        END
    END
    CLASS
        NAME "-15"
        EXPRESSION ([pixel] < -15)
        STYLE
            COLOR 102 51 102
        END
    END
    CLASS
        NAME "-10"
        EXPRESSION ([pixel] < -10)
        STYLE
            COLOR 206 206 154
        END
    END
    CLASS
        NAME "-5"
        EXPRESSION ([pixel] < -5)
        STYLE
            COLOR 154 154 103
        END
    END
    CLASS
        NAME "0"
        EXPRESSION ([pixel] < 0)
        STYLE
            COLOR 100 100 100
        END
    END
    CLASS
        NAME "5"
        EXPRESSION ([pixel] < 5)
        STYLE
            COLOR 4 233 231
        END
    END
    CLASS
        NAME "10"
        EXPRESSION ([pixel] < 10)
        STYLE
            COLOR 1 161 246
        END
    END
    CLASS
        NAME "15"
        EXPRESSION ([pixel] < 15)
        STYLE
            COLOR 3 0 244
        END
    END
    CLASS
        NAME "20"
        EXPRESSION ([pixel] < 20)
        STYLE 
            COLOR 2 252 2
        END
    END
    CLASS
        NAME "25"
        EXPRESSION ([pixel] < 25)
        STYLE
            COLOR 1 199 1
        END
    END
    CLASS
        NAME "30"
        EXPRESSION ([pixel] < 30)
        STYLE
            COLOR 0 142 0
        END
    END
    CLASS
        NAME "35"
        EXPRESSION ([pixel] < 35)
        STYLE
            COLOR 253 248 2
        END
    END
    CLASS
        NAME "40"
        EXPRESSION ([pixel] < 40)
        STYLE
            COLOR 229 188 0
        END
    END
    CLASS
        NAME "45"
        EXPRESSION ([pixel] < 45)
        STYLE
            COLOR 253 149 0
        END
    END
    CLASS
        NAME "50"
        EXPRESSION ([pixel] < 50)
        STYLE 
            COLOR 253 149 0
        END
    END
    CLASS
        NAME "55"
        EXPRESSION ([pixel] < 55)
        STYLE
            COLOR 214 0 0 
        END
    END
    CLASS 
        NAME "60"
        EXPRESSION ([pixel] < 60)
        STYLE
            COLOR 188 0 0 
        END
    END
    CLASS
        NAME "65"
        EXPRESSION ([pixel] < 65)
        STYLE
            COLOR 248 0 253
        END
    END
    CLASS
        NAME "70"
        EXPRESSION ([pixel] < 70)
        STYLE
            COLOR 153 85 200
        END
    END
    CLASS
        NAME "75"
        EXPRESSION ([pixel] < 75)
        STYLE
            COLOR 253 253 253
        END
    END
 OFFSITE 0 0 0
 TILEITEM "file_location" #filepath is a column in postgis table with varchar of the filepath to each image
 TILEINDEX "time_idx"
END

END
